// Jest Snapshot v1, https://goo.gl/fbAQLP

exports[`Link should match snapshot 1`] = `
<View
  accessibilityState={
    {
      "busy": undefined,
      "checked": undefined,
      "disabled": undefined,
      "expanded": undefined,
      "selected": undefined,
    }
  }
  accessibilityValue={
    {
      "max": undefined,
      "min": undefined,
      "now": undefined,
      "text": undefined,
    }
  }
  accessible={true}
  collapsable={false}
  focusable={true}
  onBlur={[Function]}
  onClick={[Function]}
  onFocus={[Function]}
  onResponderGrant={[Function]}
  onResponderMove={[Function]}
  onResponderRelease={[Function]}
  onResponderTerminate={[Function]}
  onResponderTerminationRequest={[Function]}
  onStartShouldSetResponder={[Function]}
  style={
    [
      {
        "alignItems": "center",
        "flexDirection": "row",
        "gap": 8,
      },
      {
        "opacity": 1,
      },
    ]
  }
>
  <Text
    style={
      [
        {
          "color": "#000C49",
          "fontSize": 16,
          "fontWeight": "600",
        },
        {
          "color": "#000C49",
          "fontWeight": "bold",
        },
        undefined,
      ]
    }
  >
    Foo
  </Text>
</View>
`;
